// Jest Snapshot v1, https://goo.gl/fbAQLP

exports[`Root renders correctly 1`] = `
<div
  dataMockType="BrowserRouter"
>
  <div
    style={
      Object {
        "color": "blue",
        "fontWeight": "bold",
      }
    }
  >
    BrowserRouter
  </div>
  <div
    dataMockType="Switch"
  >
    <div
      style={
        Object {
          "color": "blue",
          "fontWeight": "bold",
        }
      }
    >
      Switch
    </div>
    <div
      component={[Function]}
      dataMockType="Route"
      exact={true}
      path="/"
    >
      <div
        style={
          Object {
            "color": "blue",
            "fontWeight": "bold",
          }
        }
      >
        Route
      </div>
    </div>
    <div
      component={[Function]}
      dataMockType="Route"
      path="/suite/*"
    >
      <div
        style={
          Object {
            "color": "blue",
            "fontWeight": "bold",
          }
        }
      >
        Route
      </div>
    </div>
    <div
      component={[Function]}
      dataMockType="Route"
      path="/folder/*"
    >
      <div
        style={
          Object {
            "color": "blue",
            "fontWeight": "bold",
          }
        }
      >
        Route
      </div>
    </div>
    <div
      dataMockType="Route"
      render={[Function]}
    >
      <div
        style={
          Object {
            "color": "blue",
            "fontWeight": "bold",
          }
        }
      >
        Route
      </div>
    </div>
  </div>
</div>
------------HTML PREVIEW---------------
<div dataMockType="BrowserRouter">
  <div style="color:blue;font-weight:bold;">
    BrowserRouter
  </div>
  <div dataMockType="Switch">
    <div style="color:blue;font-weight:bold;">
      Switch
    </div>
    <div
      dataMockType="Route"
      exact
      path="/"
    >
      <div style="color:blue;font-weight:bold;">
        Route
      </div>
    </div>
    <div
      dataMockType="Route"
      path="/suite/*"
    >
      <div style="color:blue;font-weight:bold;">
        Route
      </div>
    </div>
    <div
      dataMockType="Route"
      path="/folder/*"
    >
      <div style="color:blue;font-weight:bold;">
        Route
      </div>
    </div>
    <div dataMockType="Route">
      <div style="color:blue;font-weight:bold;">
        Route
      </div>
    </div>
  </div>
</div>
`;
