exports[`Root renders correctly 1`] = `
<div
  dataMockType="BrowserRouter">
  <div>
    <div
      component={[Function]}
      dataMockType="Match"
      exactly={true}
      pattern="/">
      Match
    </div>
    <div
      component={[Function]}
      dataMockType="Match"
      pattern="/suite/*">
      Match
    </div>
    <div
      component={[Function]}
      dataMockType="Match"
      pattern="/folder/*">
      Match
    </div>
    <div
      dataMockType="Miss"
      render={[Function]}>
      Miss
    </div>
  </div>
</div>
------------HTML PREVIEW---------------
  <div
    dataMockType="BrowserRouter">
    <div>
      <div
        dataMockType="Match"
        exactly
        pattern="/">
        Match
      </div>
      <div
        dataMockType="Match"
        pattern="/suite/*">
        Match
      </div>
      <div
        dataMockType="Match"
        pattern="/folder/*">
        Match
      </div>
      <div
        dataMockType="Miss">
        Miss
      </div>
    </div>
  </div>
`;
