exports[`App renders correctly 1`] = `
<div
  dataMockType="AppContents"
  error={null}
  fRedirectToRoot={false}
  fetchedItem={null}
  fetchedItemPath={null}
  fetchedItemType={null}
  onRedirectToRoot={[Function]}
  query={undefined}>
  AppContents
</div>
------------HTML PREVIEW---------------
  <div
    dataMockType="AppContents">
    AppContents
  </div>
`;
