exports[`App renders correctly 1`] = `
<div
  dataMockType="AppContents"
  error={null}
  fRedirectToRoot={false}
  fetchedItem={null}
  fetchedItemPath={null}
  fetchedItemType={null}
  onRedirectToRoot={[Function]}
  query={undefined}>
  <div
    style={
      Object {
        "color": "blue",
        "fontWeight": "bold",
      }
    }>
    AppContents
  </div>
</div>
------------HTML PREVIEW---------------
<div dataMockType="AppContents">
  <div style="color:blue;font-weight:bold;">
    AppContents
  </div>
</div>
`;
