// Jest Snapshot v1, https://goo.gl/fbAQLP

exports[`LargeMessage renders correctly 1`] = `
<div
  className="giu-large-message"
  style={
    Object {
      "color": "#999999",
      "fontFamily": "sans-serif",
      "fontSize": "1.4em",
      "fontWeight": 100,
      "padding": "0.8em",
      "textAlign": "center",
    }
  }
>
  An error has occurred:
  <br />
  Undefined is not a function!
</div>
------------HTML PREVIEW---------------
<div
  class="giu-large-message"
  style="color:#999999;font-family:sans-serif;font-size:1.4em;font-weight:100;padding:0.8em;text-align:center;"
>
  An error has occurred:
  <br>
  Undefined is not a function!
</div>
`;
