exports[`LargeMessage renders correctly 1`] = `
<div
  className="giu-large-message"
  style={
    Object {
      "color": "#999999",
      "fontFamily": "sans-serif",
      "fontSize": "1.4em",
      "fontWeight": 100,
      "padding": "0.8em",
      "textAlign": "center",
    }
  }>
  An error has occurred:
  <br />
  Undefined is not a function!
</div>
`;
