exports[`Settings renders correctly 1`] = `
<div>
  <div
    className="giu-floats"
    style={
      Object {
        "height": 0,
        "left": 0,
        "position": "absolute",
        "top": 0,
        "width": 0,
      }
    } />
  <div
    className="giu-modal"
    id={undefined}
    onClick={[Function]}
    onKeyDown={[Function]}
    style={
      Object {
        "height": "100vh",
        "left": 0,
        "position": "fixed",
        "top": 0,
        "width": "100vw",
        "zIndex": 50,
      }
    }>
    <div
      className="giu-backdrop"
      onClick={[Function]}
      onTouchMove={[Function]}
      onWheel={[Function]}
      style={
        Object {
          "backgroundColor": "white",
          "height": "100vh",
          "left": 0,
          "opacity": 0.7,
          "position": "fixed",
          "top": 0,
          "width": "100vw",
        }
      } />
    <div
      style={
        Object {
          "display": "flex",
          "flexDirection": "row",
          "left": 0,
          "position": "fixed",
          "top": "5vh",
          "width": "100%",
        }
      }>
      <div
        onClick={[Function]}
        onTouchMove={[Function]}
        onWheel={[Function]}
        style={
          Object {
            "WebkitFlex": 1,
            "flex": 1,
          }
        } />
      <div
        onScroll={[Function]}
        onWheel={[Function]}
        style={
          Object {
            "backgroundColor": "white",
            "borderRadius": 2,
            "boxShadow": "0 3px 6px rgba(0,0,0,0.16), 0 3px 6px rgba(0,0,0,0.23)",
            "maxHeight": "90vh",
            "overflowY": "auto",
            "padding": 20,
          }
        }>
        <input
          autoFocus={true}
          style={
            Object {
              "cursor": "default",
              "height": 0,
              "left": 8,
              "opacity": 0,
              "padding": 0,
              "pointerEvents": "none",
              "position": "fixed",
              "top": 8,
              "width": 0,
              "zIndex": -80,
            }
          }
          tabIndex={undefined} />
        <div>
          <div
            style={
              Object {
                "marginTop": 7,
              }
            }>
            <label
              htmlFor="lang">
              Mady language:
            </label>
             
            <select
              className="giu-select-native"
              onBlur={[Function]}
              onChange={[Function]}
              onCopy={undefined}
              onCut={undefined}
              onFocus={[Function]}
              onPaste={undefined}
              style={
                Object {
                  "backgroundColor": "default",
                  "border": "default",
                  "color": "inherit",
                  "fontFamily": "inherit",
                  "fontSize": "inherit",
                  "fontWeight": "inherit",
                }
              }
              tabIndex={undefined}
              value="\"en\"">
              <option
                id="\"en\""
                value="\"en\"">
                English
              </option>
              <option
                id="\"es\""
                value="\"es\"">
                Español
              </option>
              <option
                id="\"ca\""
                value="\"ca\"">
                Català
              </option>
            </select>
          </div>
          <div
            style={
              Object {
                "marginBottom": 3,
                "marginTop": 7,
              }
            }>
            Languages (BCP47 codes):
          </div>
          <div
            style={
              Object {
                "display": "flex",
                "flexDirection": "row",
                "marginLeft": 15,
              }
            }>
            <div
              style={
                Object {
                  "marginRight": 10,
                  "marginTop": undefined,
                  "padding": "0px 2px",
                  "whiteSpace": "nowrap",
                }
              }>
              <input
                className="giu-text-input"
                id="langs.0"
                onBlur={[Function]}
                onChange={[Function]}
                onCopy={undefined}
                onCut={undefined}
                onFocus={[Function]}
                onPaste={undefined}
                orient={undefined}
                placeholder="e.g. es-ES, ca…"
                style={
                  Object {
                    "backgroundColor": "white",
                    "border": "1px solid #999999",
                    "color": "inherit",
                    "fontFamily": "inherit",
                    "fontSize": "inherit",
                    "fontWeight": "inherit",
                    "width": 80,
                  }
                }
                tabIndex={undefined}
                type="text"
                value="en" />
               
              <i
                className="giu-icon fa fa-remove"
                id="langs.0"
                onClick={[Function]}
                style={
                  Object {
                    "color": "#444",
                    "cursor": "pointer",
                    "letterSpacing": "normal",
                  }
                } />
            </div>
            <div
              style={
                Object {
                  "marginRight": 10,
                  "marginTop": undefined,
                  "padding": "0px 2px",
                  "whiteSpace": "nowrap",
                }
              }>
              <input
                className="giu-text-input"
                id="langs.1"
                onBlur={[Function]}
                onChange={[Function]}
                onCopy={undefined}
                onCut={undefined}
                onFocus={[Function]}
                onPaste={undefined}
                orient={undefined}
                placeholder="e.g. es-ES, ca…"
                style={
                  Object {
                    "backgroundColor": "white",
                    "border": "1px solid #999999",
                    "color": "inherit",
                    "fontFamily": "inherit",
                    "fontSize": "inherit",
                    "fontWeight": "inherit",
                    "width": 80,
                  }
                }
                tabIndex={undefined}
                type="text"
                value="es" />
               
              <i
                className="giu-icon fa fa-remove"
                id="langs.1"
                onClick={[Function]}
                style={
                  Object {
                    "color": "#444",
                    "cursor": "pointer",
                    "letterSpacing": "normal",
                  }
                } />
            </div>
            <i
              className="giu-icon fa fa-plus"
              id="langs"
              onClick={[Function]}
              style={
                Object {
                  "color": "#444",
                  "cursor": "pointer",
                  "display": "inline-block",
                  "letterSpacing": "normal",
                  "marginTop": 5,
                }
              } />
          </div>
          <div
            style={
              Object {
                "marginBottom": 3,
                "marginTop": 7,
              }
            }>
            Source paths:
          </div>
          <div
            style={
              Object {
                "display": "flex",
                "flexDirection": "column",
                "marginLeft": 15,
              }
            }>
            <div
              style={
                Object {
                  "marginRight": 10,
                  "marginTop": 1,
                  "padding": "0px 2px",
                  "whiteSpace": "nowrap",
                }
              }>
              <input
                className="giu-text-input"
                id="srcPaths.0"
                onBlur={[Function]}
                onChange={[Function]}
                onCopy={undefined}
                onCut={undefined}
                onFocus={[Function]}
                onPaste={undefined}
                orient={undefined}
                placeholder="e.g. src/client"
                style={
                  Object {
                    "backgroundColor": "white",
                    "border": "1px solid #999999",
                    "color": "inherit",
                    "fontFamily": "inherit",
                    "fontSize": "inherit",
                    "fontWeight": "inherit",
                    "width": 300,
                  }
                }
                tabIndex={undefined}
                type="text"
                value="src" />
               
              <i
                className="giu-icon fa fa-remove"
                id="srcPaths.0"
                onClick={[Function]}
                style={
                  Object {
                    "color": "#444",
                    "cursor": "pointer",
                    "letterSpacing": "normal",
                  }
                } />
            </div>
            <i
              className="giu-icon fa fa-plus"
              id="srcPaths"
              onClick={[Function]}
              style={
                Object {
                  "color": "#444",
                  "cursor": "pointer",
                  "display": "inline-block",
                  "letterSpacing": "normal",
                  "marginTop": 5,
                }
              } />
          </div>
          <div
            style={
              Object {
                "marginBottom": 3,
                "marginTop": 7,
              }
            }>
            Source extensions:
          </div>
          <div
            style={
              Object {
                "display": "flex",
                "flexDirection": "row",
                "marginLeft": 15,
              }
            }>
            <div
              style={
                Object {
                  "marginRight": 10,
                  "marginTop": undefined,
                  "padding": "0px 2px",
                  "whiteSpace": "nowrap",
                }
              }>
              <input
                className="giu-text-input"
                id="srcExtensions.0"
                onBlur={[Function]}
                onChange={[Function]}
                onCopy={undefined}
                onCut={undefined}
                onFocus={[Function]}
                onPaste={undefined}
                orient={undefined}
                placeholder="e.g. .js"
                style={
                  Object {
                    "backgroundColor": "white",
                    "border": "1px solid #999999",
                    "color": "inherit",
                    "fontFamily": "inherit",
                    "fontSize": "inherit",
                    "fontWeight": "inherit",
                    "width": 60,
                  }
                }
                tabIndex={undefined}
                type="text"
                value=".js" />
               
              <i
                className="giu-icon fa fa-remove"
                id="srcExtensions.0"
                onClick={[Function]}
                style={
                  Object {
                    "color": "#444",
                    "cursor": "pointer",
                    "letterSpacing": "normal",
                  }
                } />
            </div>
            <div
              style={
                Object {
                  "marginRight": 10,
                  "marginTop": undefined,
                  "padding": "0px 2px",
                  "whiteSpace": "nowrap",
                }
              }>
              <input
                className="giu-text-input"
                id="srcExtensions.1"
                onBlur={[Function]}
                onChange={[Function]}
                onCopy={undefined}
                onCut={undefined}
                onFocus={[Function]}
                onPaste={undefined}
                orient={undefined}
                placeholder="e.g. .js"
                style={
                  Object {
                    "backgroundColor": "white",
                    "border": "1px solid #999999",
                    "color": "inherit",
                    "fontFamily": "inherit",
                    "fontSize": "inherit",
                    "fontWeight": "inherit",
                    "width": 60,
                  }
                }
                tabIndex={undefined}
                type="text"
                value=".jsx" />
               
              <i
                className="giu-icon fa fa-remove"
                id="srcExtensions.1"
                onClick={[Function]}
                style={
                  Object {
                    "color": "#444",
                    "cursor": "pointer",
                    "letterSpacing": "normal",
                  }
                } />
            </div>
            <i
              className="giu-icon fa fa-plus"
              id="srcExtensions"
              onClick={[Function]}
              style={
                Object {
                  "color": "#444",
                  "cursor": "pointer",
                  "display": "inline-block",
                  "letterSpacing": "normal",
                  "marginTop": 5,
                }
              } />
          </div>
          <div
            style={
              Object {
                "marginBottom": 3,
                "marginTop": 7,
              }
            }>
            Message translation functions to look for:
          </div>
          <div
            style={
              Object {
                "display": "flex",
                "flexDirection": "row",
                "marginLeft": 15,
              }
            }>
            <div
              style={
                Object {
                  "marginRight": 10,
                  "marginTop": undefined,
                  "padding": "0px 2px",
                  "whiteSpace": "nowrap",
                }
              }>
              <input
                className="giu-text-input"
                id="msgFunctionNames.0"
                onBlur={[Function]}
                onChange={[Function]}
                onCopy={undefined}
                onCut={undefined}
                onFocus={[Function]}
                onPaste={undefined}
                orient={undefined}
                placeholder="e.g. _t"
                style={
                  Object {
                    "backgroundColor": "white",
                    "border": "1px solid #999999",
                    "color": "inherit",
                    "fontFamily": "inherit",
                    "fontSize": "inherit",
                    "fontWeight": "inherit",
                    "width": 60,
                  }
                }
                tabIndex={undefined}
                type="text"
                value="_t" />
               
              <i
                className="giu-icon fa fa-remove"
                id="msgFunctionNames.0"
                onClick={[Function]}
                style={
                  Object {
                    "color": "#444",
                    "cursor": "pointer",
                    "letterSpacing": "normal",
                  }
                } />
            </div>
            <i
              className="giu-icon fa fa-plus"
              id="msgFunctionNames"
              onClick={[Function]}
              style={
                Object {
                  "color": "#444",
                  "cursor": "pointer",
                  "display": "inline-block",
                  "letterSpacing": "normal",
                  "marginTop": 5,
                }
              } />
          </div>
          <div
            style={
              Object {
                "marginBottom": 3,
                "marginTop": 7,
              }
            }>
            ADVANCED: Additional regular expressions for message parsing:
             
            <i
              className="giu-icon fa fa-info-circle"
              style={
                Object {
                  "color": undefined,
                  "cursor": "pointer",
                  "letterSpacing": "normal",
                }
              }
              title="Make sure your regular expression has exactly one capture group, for example: (.*?)" />
          </div>
          <div
            style={
              Object {
                "display": "flex",
                "flexDirection": "column",
                "marginLeft": 15,
              }
            }>
            <i
              className="giu-icon fa fa-plus"
              id="msgRegexps"
              onClick={[Function]}
              style={
                Object {
                  "color": "#444",
                  "cursor": "pointer",
                  "display": "inline-block",
                  "letterSpacing": "normal",
                  "marginTop": 5,
                }
              } />
          </div>
          <div
            style={
              Object {
                "marginTop": 7,
              }
            }>
            <div>
              Output:
            </div>
            <div
              style={
                Object {
                  "marginLeft": 15,
                }
              }>
              <input
                checked={false}
                className="giu-checkbox"
                id="fJsOutput"
                onBlur={[Function]}
                onChange={[Function]}
                onCopy={undefined}
                onCut={undefined}
                onFocus={[Function]}
                onPaste={undefined}
                required={undefined}
                tabIndex={undefined}
                type="checkbox" />
              <label
                htmlFor="fJsOutput">
                JavaScript module (required if you use Mady\'s translation function)
              </label>
               
              <input
                checked={false}
                className="giu-checkbox"
                id="fMinify"
                onBlur={[Function]}
                onChange={[Function]}
                onCopy={undefined}
                onCut={undefined}
                onFocus={[Function]}
                onPaste={undefined}
                required={undefined}
                tabIndex={-1}
                type="checkbox" />
              <label
                htmlFor="fMinify">
                Minified
              </label>
            </div>
            <div
              style={
                Object {
                  "marginLeft": 15,
                }
              }>
              <input
                checked={false}
                className="giu-checkbox"
                id="fReactIntlOutput"
                onBlur={[Function]}
                onChange={[Function]}
                onCopy={undefined}
                onCut={undefined}
                onFocus={[Function]}
                onPaste={undefined}
                required={undefined}
                tabIndex={undefined}
                type="checkbox" />
              <label
                htmlFor="fReactIntlOutput">
                React Intl JSON file
              </label>
            </div>
            <div
              style={
                Object {
                  "marginLeft": 15,
                }
              }>
              <input
                checked={false}
                className="giu-checkbox"
                id="fJsonOutput"
                onBlur={[Function]}
                onChange={[Function]}
                onCopy={undefined}
                onCut={undefined}
                onFocus={[Function]}
                onPaste={undefined}
                required={undefined}
                tabIndex={undefined}
                type="checkbox" />
              <label
                htmlFor="fJsonOutput">
                Generic JSON file
              </label>
            </div>
          </div>
        </div>
        <div
          style={
            Object {
              "borderTop": "1px solid #999999",
              "display": "flex",
              "flexDirection": "row",
              "marginTop": 10,
              "paddingTop": 10,
            }
          }>
          <span
            className="giu-button"
            onClick={[Function]}
            style={
              Object {
                "WebkitUserSelect": "none",
                "border": "1px solid #999999",
                "borderRadius": 5,
                "cursor": "pointer",
                "display": "inline-block",
                "marginRight": 5,
                "padding": "1px 5px",
                "userSelect": "none",
              }
            }>
            Cancel
          </span>
          <div
            style={
              Object {
                "WebkitFlex": 1,
                "flex": 1,
              }
            } />
          <span
            className="giu-button"
            onClick={[Function]}
            style={
              Object {
                "WebkitUserSelect": "none",
                "border": "1px solid black",
                "borderRadius": 5,
                "cursor": "pointer",
                "display": "inline-block",
                "marginLeft": 5,
                "padding": "1px 5px",
                "userSelect": "none",
              }
            }>
            Save
          </span>
        </div>
      </div>
      <div
        onClick={[Function]}
        onTouchMove={[Function]}
        onWheel={[Function]}
        style={
          Object {
            "WebkitFlex": 1,
            "flex": 1,
          }
        } />
    </div>
  </div>
</div>
------------HTML PREVIEW---------------
  <div>
    <div
      class="giu-floats"
      style="height:0;left:0;position:absolute;top:0;width:0;">
      
    </div>
    <div
      class="giu-modal"
      style="height:100vh;left:0;position:fixed;top:0;width:100vw;z-index:50;">
      <div
        class="giu-backdrop"
        style="background-color:white;height:100vh;left:0;opacity:0.7;position:fixed;top:0;width:100vw;">
        
      </div>
      <div
        style="display:flex;flex-direction:row;left:0;position:fixed;top:5vh;width:100%;">
        <div
          style="-webkit-flex:1;flex:1;">
          
        </div>
        <div
          style="background-color:white;border-radius:2px;box-shadow:0 3px 6px rgba(0,0,0,0.16), 0 3px 6px rgba(0,0,0,0.23);max-height:90vh;overflow-y:auto;padding:20px;">
          <input
            style="cursor:default;height:0;left:8px;opacity:0;padding:0;pointer-events:none;position:fixed;top:8px;width:0;z-index:-80;">
            
          </input>
          <div>
            <div
              style="margin-top:7px;">
              <label
                for="lang">
                Mady language:
              </label>
               
              <select
                class="giu-select-native"
                style="background-color:default;border:default;color:inherit;font-family:inherit;font-size:inherit;font-weight:inherit;"
                value="\"en\"">
                <option
                  id="\"en\""
                  value="\"en\"">
                  English
                </option>
                <option
                  id="\"es\""
                  value="\"es\"">
                  Español
                </option>
                <option
                  id="\"ca\""
                  value="\"ca\"">
                  Català
                </option>
              </select>
            </div>
            <div
              style="margin-bottom:3px;margin-top:7px;">
              Languages (BCP47 codes):
            </div>
            <div
              style="display:flex;flex-direction:row;margin-left:15px;">
              <div
                style="margin-right:10px;margin-top:;padding:0px 2px;white-space:nowrap;">
                <input
                  class="giu-text-input"
                  id="langs.0"
                  placeholder="e.g. es-ES, ca…"
                  style="background-color:white;border:1px solid #999999;color:inherit;font-family:inherit;font-size:inherit;font-weight:inherit;width:80px;"
                  type="text"
                  value="en">
                  
                </input>
                 
                <i
                  class="giu-icon fa fa-remove"
                  id="langs.0"
                  style="color:#444;cursor:pointer;letter-spacing:normal;">
                  
                </i>
              </div>
              <div
                style="margin-right:10px;margin-top:;padding:0px 2px;white-space:nowrap;">
                <input
                  class="giu-text-input"
                  id="langs.1"
                  placeholder="e.g. es-ES, ca…"
                  style="background-color:white;border:1px solid #999999;color:inherit;font-family:inherit;font-size:inherit;font-weight:inherit;width:80px;"
                  type="text"
                  value="es">
                  
                </input>
                 
                <i
                  class="giu-icon fa fa-remove"
                  id="langs.1"
                  style="color:#444;cursor:pointer;letter-spacing:normal;">
                  
                </i>
              </div>
              <i
                class="giu-icon fa fa-plus"
                id="langs"
                style="color:#444;cursor:pointer;display:inline-block;letter-spacing:normal;margin-top:5px;">
                
              </i>
            </div>
            <div
              style="margin-bottom:3px;margin-top:7px;">
              Source paths:
            </div>
            <div
              style="display:flex;flex-direction:column;margin-left:15px;">
              <div
                style="margin-right:10px;margin-top:1px;padding:0px 2px;white-space:nowrap;">
                <input
                  class="giu-text-input"
                  id="srcPaths.0"
                  placeholder="e.g. src/client"
                  style="background-color:white;border:1px solid #999999;color:inherit;font-family:inherit;font-size:inherit;font-weight:inherit;width:300px;"
                  type="text"
                  value="src">
                  
                </input>
                 
                <i
                  class="giu-icon fa fa-remove"
                  id="srcPaths.0"
                  style="color:#444;cursor:pointer;letter-spacing:normal;">
                  
                </i>
              </div>
              <i
                class="giu-icon fa fa-plus"
                id="srcPaths"
                style="color:#444;cursor:pointer;display:inline-block;letter-spacing:normal;margin-top:5px;">
                
              </i>
            </div>
            <div
              style="margin-bottom:3px;margin-top:7px;">
              Source extensions:
            </div>
            <div
              style="display:flex;flex-direction:row;margin-left:15px;">
              <div
                style="margin-right:10px;margin-top:;padding:0px 2px;white-space:nowrap;">
                <input
                  class="giu-text-input"
                  id="srcExtensions.0"
                  placeholder="e.g. .js"
                  style="background-color:white;border:1px solid #999999;color:inherit;font-family:inherit;font-size:inherit;font-weight:inherit;width:60px;"
                  type="text"
                  value=".js">
                  
                </input>
                 
                <i
                  class="giu-icon fa fa-remove"
                  id="srcExtensions.0"
                  style="color:#444;cursor:pointer;letter-spacing:normal;">
                  
                </i>
              </div>
              <div
                style="margin-right:10px;margin-top:;padding:0px 2px;white-space:nowrap;">
                <input
                  class="giu-text-input"
                  id="srcExtensions.1"
                  placeholder="e.g. .js"
                  style="background-color:white;border:1px solid #999999;color:inherit;font-family:inherit;font-size:inherit;font-weight:inherit;width:60px;"
                  type="text"
                  value=".jsx">
                  
                </input>
                 
                <i
                  class="giu-icon fa fa-remove"
                  id="srcExtensions.1"
                  style="color:#444;cursor:pointer;letter-spacing:normal;">
                  
                </i>
              </div>
              <i
                class="giu-icon fa fa-plus"
                id="srcExtensions"
                style="color:#444;cursor:pointer;display:inline-block;letter-spacing:normal;margin-top:5px;">
                
              </i>
            </div>
            <div
              style="margin-bottom:3px;margin-top:7px;">
              Message translation functions to look for:
            </div>
            <div
              style="display:flex;flex-direction:row;margin-left:15px;">
              <div
                style="margin-right:10px;margin-top:;padding:0px 2px;white-space:nowrap;">
                <input
                  class="giu-text-input"
                  id="msgFunctionNames.0"
                  placeholder="e.g. _t"
                  style="background-color:white;border:1px solid #999999;color:inherit;font-family:inherit;font-size:inherit;font-weight:inherit;width:60px;"
                  type="text"
                  value="_t">
                  
                </input>
                 
                <i
                  class="giu-icon fa fa-remove"
                  id="msgFunctionNames.0"
                  style="color:#444;cursor:pointer;letter-spacing:normal;">
                  
                </i>
              </div>
              <i
                class="giu-icon fa fa-plus"
                id="msgFunctionNames"
                style="color:#444;cursor:pointer;display:inline-block;letter-spacing:normal;margin-top:5px;">
                
              </i>
            </div>
            <div
              style="margin-bottom:3px;margin-top:7px;">
              ADVANCED: Additional regular expressions for message parsing:
               
              <i
                class="giu-icon fa fa-info-circle"
                style="color:;cursor:pointer;letter-spacing:normal;"
                title="Make sure your regular expression has exactly one capture group, for example: (.*?)">
                
              </i>
            </div>
            <div
              style="display:flex;flex-direction:column;margin-left:15px;">
              <i
                class="giu-icon fa fa-plus"
                id="msgRegexps"
                style="color:#444;cursor:pointer;display:inline-block;letter-spacing:normal;margin-top:5px;">
                
              </i>
            </div>
            <div
              style="margin-top:7px;">
              <div>
                Output:
              </div>
              <div
                style="margin-left:15px;">
                <input
                  class="giu-checkbox"
                  id="fJsOutput"
                  type="checkbox">
                  
                </input>
                <label
                  for="fJsOutput">
                  JavaScript module (required if you use Mady\'s translation function)
                </label>
                 
                <input
                  class="giu-checkbox"
                  id="fMinify"
                  type="checkbox">
                  
                </input>
                <label
                  for="fMinify">
                  Minified
                </label>
              </div>
              <div
                style="margin-left:15px;">
                <input
                  class="giu-checkbox"
                  id="fReactIntlOutput"
                  type="checkbox">
                  
                </input>
                <label
                  for="fReactIntlOutput">
                  React Intl JSON file
                </label>
              </div>
              <div
                style="margin-left:15px;">
                <input
                  class="giu-checkbox"
                  id="fJsonOutput"
                  type="checkbox">
                  
                </input>
                <label
                  for="fJsonOutput">
                  Generic JSON file
                </label>
              </div>
            </div>
          </div>
          <div
            style="border-top:1px solid #999999;display:flex;flex-direction:row;margin-top:10px;padding-top:10px;">
            <span
              class="giu-button"
              style="-webkit-user-select:none;border:1px solid #999999;border-radius:5px;cursor:pointer;display:inline-block;margin-right:5px;padding:1px 5px;user-select:none;">
              Cancel
            </span>
            <div
              style="-webkit-flex:1;flex:1;">
              
            </div>
            <span
              class="giu-button"
              style="-webkit-user-select:none;border:1px solid black;border-radius:5px;cursor:pointer;display:inline-block;margin-left:5px;padding:1px 5px;user-select:none;">
              Save
            </span>
          </div>
        </div>
        <div
          style="-webkit-flex:1;flex:1;">
          
        </div>
      </div>
    </div>
  </div>
`;
